Archive member included to satisfy reference by file (symbol)

c:/users/borislav/documents/stm32/stm32toolchain/gnu mcu eclipse/arm embedded gcc/8.2.1-1.2-20190119-1237/bin/../lib/gcc/arm-none-eabi/8.2.1/../../../../arm-none-eabi/lib/thumb/v7e-m+fp/hard\libc.a(lib_a-errno.o)
                              ./Src/syscalls.o (__errno)
c:/users/borislav/documents/stm32/stm32toolchain/gnu mcu eclipse/arm embedded gcc/8.2.1-1.2-20190119-1237/bin/../lib/gcc/arm-none-eabi/8.2.1/../../../../arm-none-eabi/lib/thumb/v7e-m+fp/hard\libc.a(lib_a-exit.o)
                              c:/users/borislav/documents/stm32/stm32toolchain/gnu mcu eclipse/arm embedded gcc/8.2.1-1.2-20190119-1237/bin/../lib/gcc/arm-none-eabi/8.2.1/../../../../arm-none-eabi/lib/thumb/v7e-m+fp/hard/crt0.o (exit)
c:/users/borislav/documents/stm32/stm32toolchain/gnu mcu eclipse/arm embedded gcc/8.2.1-1.2-20190119-1237/bin/../lib/gcc/arm-none-eabi/8.2.1/../../../../arm-none-eabi/lib/thumb/v7e-m+fp/hard\libc.a(lib_a-impure.o)
                              c:/users/borislav/documents/stm32/stm32toolchain/gnu mcu eclipse/arm embedded gcc/8.2.1-1.2-20190119-1237/bin/../lib/gcc/arm-none-eabi/8.2.1/../../../../arm-none-eabi/lib/thumb/v7e-m+fp/hard\libc.a(lib_a-exit.o) (_global_impure_ptr)
c:/users/borislav/documents/stm32/stm32toolchain/gnu mcu eclipse/arm embedded gcc/8.2.1-1.2-20190119-1237/bin/../lib/gcc/arm-none-eabi/8.2.1/../../../../arm-none-eabi/lib/thumb/v7e-m+fp/hard\libc.a(lib_a-init.o)
                              c:/users/borislav/documents/stm32/stm32toolchain/gnu mcu eclipse/arm embedded gcc/8.2.1-1.2-20190119-1237/bin/../lib/gcc/arm-none-eabi/8.2.1/../../../../arm-none-eabi/lib/thumb/v7e-m+fp/hard/crt0.o (__libc_init_array)
c:/users/borislav/documents/stm32/stm32toolchain/gnu mcu eclipse/arm embedded gcc/8.2.1-1.2-20190119-1237/bin/../lib/gcc/arm-none-eabi/8.2.1/../../../../arm-none-eabi/lib/thumb/v7e-m+fp/hard\libc.a(lib_a-memcpy.o)
                              ./Middlewares/Third_Party/FreeRTOS/Source/queue.o (memcpy)
c:/users/borislav/documents/stm32/stm32toolchain/gnu mcu eclipse/arm embedded gcc/8.2.1-1.2-20190119-1237/bin/../lib/gcc/arm-none-eabi/8.2.1/../../../../arm-none-eabi/lib/thumb/v7e-m+fp/hard\libc.a(lib_a-memset.o)
                              c:/users/borislav/documents/stm32/stm32toolchain/gnu mcu eclipse/arm embedded gcc/8.2.1-1.2-20190119-1237/bin/../lib/gcc/arm-none-eabi/8.2.1/../../../../arm-none-eabi/lib/thumb/v7e-m+fp/hard/crt0.o (memset)
c:/users/borislav/documents/stm32/stm32toolchain/gnu mcu eclipse/arm embedded gcc/8.2.1-1.2-20190119-1237/bin/../lib/gcc/arm-none-eabi/8.2.1/../../../../arm-none-eabi/lib/thumb/v7e-m+fp/hard\libc.a(lib_a-__call_atexit.o)
                              c:/users/borislav/documents/stm32/stm32toolchain/gnu mcu eclipse/arm embedded gcc/8.2.1-1.2-20190119-1237/bin/../lib/gcc/arm-none-eabi/8.2.1/../../../../arm-none-eabi/lib/thumb/v7e-m+fp/hard\libc.a(lib_a-exit.o) (__call_exitprocs)
c:/users/borislav/documents/stm32/stm32toolchain/gnu mcu eclipse/arm embedded gcc/8.2.1-1.2-20190119-1237/bin/../lib/gcc/arm-none-eabi/8.2.1/../../../../arm-none-eabi/lib/thumb/v7e-m+fp/hard\libc.a(lib_a-atexit.o)
                              c:/users/borislav/documents/stm32/stm32toolchain/gnu mcu eclipse/arm embedded gcc/8.2.1-1.2-20190119-1237/bin/../lib/gcc/arm-none-eabi/8.2.1/../../../../arm-none-eabi/lib/thumb/v7e-m+fp/hard\libc.a(lib_a-__call_atexit.o) (atexit)
c:/users/borislav/documents/stm32/stm32toolchain/gnu mcu eclipse/arm embedded gcc/8.2.1-1.2-20190119-1237/bin/../lib/gcc/arm-none-eabi/8.2.1/../../../../arm-none-eabi/lib/thumb/v7e-m+fp/hard\libc.a(lib_a-fini.o)
                              c:/users/borislav/documents/stm32/stm32toolchain/gnu mcu eclipse/arm embedded gcc/8.2.1-1.2-20190119-1237/bin/../lib/gcc/arm-none-eabi/8.2.1/../../../../arm-none-eabi/lib/thumb/v7e-m+fp/hard\libc.a(lib_a-__call_atexit.o) (__libc_fini_array)
c:/users/borislav/documents/stm32/stm32toolchain/gnu mcu eclipse/arm embedded gcc/8.2.1-1.2-20190119-1237/bin/../lib/gcc/arm-none-eabi/8.2.1/../../../../arm-none-eabi/lib/thumb/v7e-m+fp/hard\libc.a(lib_a-lock.o)
                              c:/users/borislav/documents/stm32/stm32toolchain/gnu mcu eclipse/arm embedded gcc/8.2.1-1.2-20190119-1237/bin/../lib/gcc/arm-none-eabi/8.2.1/../../../../arm-none-eabi/lib/thumb/v7e-m+fp/hard\libc.a(lib_a-__call_atexit.o) (__retarget_lock_acquire_recursive)
c:/users/borislav/documents/stm32/stm32toolchain/gnu mcu eclipse/arm embedded gcc/8.2.1-1.2-20190119-1237/bin/../lib/gcc/arm-none-eabi/8.2.1/../../../../arm-none-eabi/lib/thumb/v7e-m+fp/hard\libc.a(lib_a-__atexit.o)
                              c:/users/borislav/documents/stm32/stm32toolchain/gnu mcu eclipse/arm embedded gcc/8.2.1-1.2-20190119-1237/bin/../lib/gcc/arm-none-eabi/8.2.1/../../../../arm-none-eabi/lib/thumb/v7e-m+fp/hard\libc.a(lib_a-atexit.o) (__register_exitproc)

Allocating common symbols
Common symbol       size              file

[...]
Memory Configuration

Name             Origin             Length             Attributes
RAM              0x0000000020000000 0x0000000000003000 xrw
CCMRAM           0x0000000010000000 0x0000000000001000 rw
FLASH            0x0000000008000000 0x0000000000010000 xr
*default*        0x0000000000000000 0xffffffffffffffff

Linker script and memory map

LOAD c:/users/borislav/documents/stm32/stm32toolchain/gnu mcu eclipse/arm embedded gcc/8.2.1-1.2-20190119-1237/bin/../lib/gcc/arm-none-eabi/8.2.1/thumb/v7e-m+fp/hard/crti.o
LOAD c:/users/borislav/documents/stm32/stm32toolchain/gnu mcu eclipse/arm embedded gcc/8.2.1-1.2-20190119-1237/bin/../lib/gcc/arm-none-eabi/8.2.1/thumb/v7e-m+fp/hard/crtbegin.o
LOAD c:/users/borislav/documents/stm32/stm32toolchain/gnu mcu eclipse/arm embedded gcc/8.2.1-1.2-20190119-1237/bin/../lib/gcc/arm-none-eabi/8.2.1/../../../../arm-none-eabi/lib/thumb/v7e-m+fp/hard/crt0.o
LOAD ./startup/startup_stm32f303x8.o
LOAD ./Src/freertos.o
LOAD ./Src/main.o
LOAD ./Src/stm32f3xx_hal_msp.o
LOAD ./Src/stm32f3xx_hal_timebase_tim.o
LOAD ./Src/stm32f3xx_it.o
LOAD ./Src/syscalls.o
LOAD ./Src/system_stm32f3xx.o
LOAD ./Middlewares/Third_Party/FreeRTOS/Source/portable/MemMang/heap_4.o
LOAD ./Middlewares/Third_Party/FreeRTOS/Source/portable/GCC/ARM_CM4F/port.o
LOAD ./Middlewares/Third_Party/FreeRTOS/Source/croutine.o
LOAD ./Middlewares/Third_Party/FreeRTOS/Source/event_groups.o
LOAD ./Middlewares/Third_Party/FreeRTOS/Source/list.o
LOAD ./Middlewares/Third_Party/FreeRTOS/Source/queue.o
LOAD ./Middlewares/Third_Party/FreeRTOS/Source/tasks.o
LOAD ./Middlewares/Third_Party/FreeRTOS/Source/timers.o
LOAD ./Drivers/STM32F3xx_HAL_Driver/Src/stm32f3xx_hal.o
LOAD ./Drivers/STM32F3xx_HAL_Driver/Src/stm32f3xx_hal_cortex.o
LOAD ./Drivers/STM32F3xx_HAL_Driver/Src/stm32f3xx_hal_dma.o
LOAD ./Drivers/STM32F3xx_HAL_Driver/Src/stm32f3xx_hal_flash.o
LOAD ./Drivers/STM32F3xx_HAL_Driver/Src/stm32f3xx_hal_flash_ex.o
LOAD ./Drivers/STM32F3xx_HAL_Driver/Src/stm32f3xx_hal_gpio.o
LOAD ./Drivers/STM32F3xx_HAL_Driver/Src/stm32f3xx_hal_i2c.o
LOAD ./Drivers/STM32F3xx_HAL_Driver/Src/stm32f3xx_hal_i2c_ex.o
LOAD ./Drivers/STM32F3xx_HAL_Driver/Src/stm32f3xx_hal_pwr.o
LOAD ./Drivers/STM32F3xx_HAL_Driver/Src/stm32f3xx_hal_pwr_ex.o
LOAD ./Drivers/STM32F3xx_HAL_Driver/Src/stm32f3xx_hal_rcc.o
LOAD ./Drivers/STM32F3xx_HAL_Driver/Src/stm32f3xx_hal_rcc_ex.o
LOAD ./Drivers/STM32F3xx_HAL_Driver/Src/stm32f3xx_hal_tim.o
LOAD ./Drivers/STM32F3xx_HAL_Driver/Src/stm32f3xx_hal_tim_ex.o
LOAD ./Drivers/STM32F3xx_HAL_Driver/Src/stm32f3xx_hal_uart.o
LOAD ./Drivers/STM32F3xx_HAL_Driver/Src/stm32f3xx_hal_uart_ex.o
START GROUP
LOAD c:/users/borislav/documents/stm32/stm32toolchain/gnu mcu eclipse/arm embedded gcc/8.2.1-1.2-20190119-1237/bin/../lib/gcc/arm-none-eabi/8.2.1/thumb/v7e-m+fp/hard\libgcc.a
LOAD c:/users/borislav/documents/stm32/stm32toolchain/gnu mcu eclipse/arm embedded gcc/8.2.1-1.2-20190119-1237/bin/../lib/gcc/arm-none-eabi/8.2.1/../../../../arm-none-eabi/lib/thumb/v7e-m+fp/hard\libc.a
END GROUP
LOAD c:/users/borislav/documents/stm32/stm32toolchain/gnu mcu eclipse/arm embedded gcc/8.2.1-1.2-20190119-1237/bin/../lib/gcc/arm-none-eabi/8.2.1/thumb/v7e-m+fp/hard/crtend.o
LOAD c:/users/borislav/documents/stm32/stm32toolchain/gnu mcu eclipse/arm embedded gcc/8.2.1-1.2-20190119-1237/bin/../lib/gcc/arm-none-eabi/8.2.1/thumb/v7e-m+fp/hard/crtn.o
                0x0000000020003000                _estack = 0x20003000
                0x0000000000000200                _Min_Heap_Size = 0x200
                0x0000000000000400                _Min_Stack_Size = 0x400

.isr_vector     0x0000000008000000      0x188
                0x0000000008000000                . = ALIGN (0x4)
 *(.isr_vector)
 .isr_vector    0x0000000008000000      0x188 ./startup/startup_stm32f303x8.o
                0x0000000008000000                g_pfnVectors
                0x0000000008000188                . = ALIGN (0x4)

.text           0x0000000008000190     0x3d34
                0x0000000008000190                . = ALIGN (0x4)
 *(.text)
 *(.text*)
 .text.deregister_tm_clones
                0x0000000008000190       0x1c c:/users/borislav/documents/stm32/stm32toolchain/gnu mcu eclipse/arm embedded gcc/8.2.1-1.2-20190119-1237/bin/../lib/gcc/arm-none-eabi/8.2.1/thumb/v7e-m+fp/hard/crtbegin.o
 .text.register_tm_clones
                0x00000000080001ac       0x24 c:/users/borislav/documents/stm32/stm32toolchain/gnu mcu eclipse/arm embedded gcc/8.2.1-1.2-20190119-1237/bin/../lib/gcc/arm-none-eabi/8.2.1/thumb/v7e-m+fp/hard/crtbegin.o
 .text.__do_global_dtors_aux
                0x00000000080001d0       0x28 c:/users/borislav/documents/stm32/stm32toolchain/gnu mcu eclipse/arm embedded gcc/8.2.1-1.2-20190119-1237/bin/../lib/gcc/arm-none-eabi/8.2.1/thumb/v7e-m+fp/hard/crtbegin.o
 .text.frame_dummy
                0x00000000080001f8       0x24 c:/users/borislav/documents/stm32/stm32toolchain/gnu mcu eclipse/arm embedded gcc/8.2.1-1.2-20190119-1237/bin/../lib/gcc/arm-none-eabi/8.2.1/thumb/v7e-m+fp/hard/crtbegin.o
 .text.Reset_Handler
                0x000000000800021c       0x50 ./startup/startup_stm32f303x8.o
                0x000000000800021c                Reset_Handler
 .text.Default_Handler
                0x000000000800026c        0x2 ./startup/startup_stm32f303x8.o
                0x000000000800026c                RTC_Alarm_IRQHandler
                0x000000000800026c                TIM1_CC_IRQHandler
                0x000000000800026c                PVD_IRQHandler
                0x000000000800026c                TAMP_STAMP_IRQHandler
                0x000000000800026c                EXTI3_IRQHandler
                0x000000000800026c                EXTI0_IRQHandler
                0x000000000800026c                FPU_IRQHandler
                0x000000000800026c                CAN_TX_IRQHandler
                0x000000000800026c                TIM1_UP_TIM16_IRQHandler
                0x000000000800026c                ADC1_2_IRQHandler
                0x000000000800026c                SPI1_IRQHandler
                0x000000000800026c                CAN_SCE_IRQHandler
                0x000000000800026c                DMA1_Channel4_IRQHandler
                0x000000000800026c                USART3_IRQHandler
                0x000000000800026c                DMA1_Channel7_IRQHandler
                0x000000000800026c                TIM7_DAC2_IRQHandler
                0x000000000800026c                CAN_RX1_IRQHandler
                0x000000000800026c                I2C1_EV_IRQHandler
                0x000000000800026c                DMA1_Channel6_IRQHandler
                0x000000000800026c                TIM3_IRQHandler
                0x000000000800026c                RCC_IRQHandler
                0x000000000800026c                DMA1_Channel1_IRQHandler
                0x000000000800026c                Default_Handler
                0x000000000800026c                EXTI15_10_IRQHandler
                0x000000000800026c                COMP2_IRQHandler
                0x000000000800026c                TIM6_DAC1_IRQHandler
                0x000000000800026c                EXTI9_5_IRQHandler
                0x000000000800026c                RTC_WKUP_IRQHandler
                0x000000000800026c                DMA1_Channel5_IRQHandler
                0x000000000800026c                EXTI4_IRQHandler
                0x000000000800026c                TIM1_TRG_COM_TIM17_IRQHandler
                0x000000000800026c                DMA1_Channel3_IRQHandler
                0x000000000800026c                WWDG_IRQHandler
                0x000000000800026c                EXTI1_IRQHandler
                0x000000000800026c                COMP4_6_IRQHandler
                0x000000000800026c                USART2_IRQHandler
                0x000000000800026c                DMA1_Channel2_IRQHandler
                0x000000000800026c                FLASH_IRQHandler
                0x000000000800026c                USART1_IRQHandler
                0x000000000800026c                CAN_RX0_IRQHandler
                0x000000000800026c                I2C1_ER_IRQHandler
                0x000000000800026c                EXTI2_TSC_IRQHandler
                0x000000000800026c                TIM1_BRK_TIM15_IRQHandler
 *fill*         0x000000000800026e        0x2 
 .text.main     0x0000000008000270       0x5c ./Src/main.o
                0x0000000008000270                main
 .text.SystemClock_Config
                0x00000000080002cc       0x8a ./Src/main.o
                0x00000000080002cc                SystemClock_Config
 *fill*         0x0000000008000356        0x2 
 .text.MX_USART2_UART_Init
                0x0000000008000358       0x60 ./Src/main.o
 .text.MX_GPIO_Init
                0x00000000080003b8       0x94 ./Src/main.o
 .text.vTask1_handler
                0x000000000800044c       0x28 ./Src/main.o
                0x000000000800044c                vTask1_handler
 .text.vTask2_handler
                0x0000000008000474       0x20 ./Src/main.o
                0x0000000008000474                vTask2_handler
 .text.HAL_TIM_PeriodElapsedCallback
                0x0000000008000494       0x1e ./Src/main.o
                0x0000000008000494                HAL_TIM_PeriodElapsedCallback
 .text.Error_Handler
                0x00000000080004b2        0xe ./Src/main.o
                0x00000000080004b2                Error_Handler
 .text.HAL_MspInit
                0x00000000080004c0       0x50 ./Src/stm32f3xx_hal_msp.o
                0x00000000080004c0                HAL_MspInit
 .text.HAL_UART_MspInit
                0x0000000008000510       0xec ./Src/stm32f3xx_hal_msp.o
                0x0000000008000510                HAL_UART_MspInit
 .text.HAL_InitTick
                0x00000000080005fc       0xb0 ./Src/stm32f3xx_hal_timebase_tim.o
                0x00000000080005fc                HAL_InitTick
 .text.NMI_Handler
                0x00000000080006ac        0xe ./Src/stm32f3xx_it.o
                0x00000000080006ac                NMI_Handler
 .text.HardFault_Handler
                0x00000000080006ba        0x6 ./Src/stm32f3xx_it.o
                0x00000000080006ba                HardFault_Handler
 .text.MemManage_Handler
                0x00000000080006c0        0x6 ./Src/stm32f3xx_it.o
                0x00000000080006c0                MemManage_Handler
 .text.BusFault_Handler
                0x00000000080006c6        0x6 ./Src/stm32f3xx_it.o
                0x00000000080006c6                BusFault_Handler
 .text.UsageFault_Handler
                0x00000000080006cc        0x6 ./Src/stm32f3xx_it.o
                0x00000000080006cc                UsageFault_Handler
 .text.DebugMon_Handler
                0x00000000080006d2        0xe ./Src/stm32f3xx_it.o
                0x00000000080006d2                DebugMon_Handler
 .text.TIM2_IRQHandler
                0x00000000080006e0       0x14 ./Src/stm32f3xx_it.o
                0x00000000080006e0                TIM2_IRQHandler
 .text.SystemInit
                0x00000000080006f4       0x94 ./Src/system_stm32f3xx.o
                0x00000000080006f4                SystemInit
 .text.pvPortMalloc
                0x0000000008000788      0x184 ./Middlewares/Third_Party/FreeRTOS/Source/portable/MemMang/heap_4.o
                0x0000000008000788                pvPortMalloc
 .text.vPortFree
                0x000000000800090c       0xb0 ./Middlewares/Third_Party/FreeRTOS/Source/portable/MemMang/heap_4.o
                0x000000000800090c                vPortFree
 .text.prvHeapInit
                0x00000000080009bc       0xc4 ./Middlewares/Third_Party/FreeRTOS/Source/portable/MemMang/heap_4.o
 .text.prvInsertBlockIntoFreeList
                0x0000000008000a80       0xb4 ./Middlewares/Third_Party/FreeRTOS/Source/portable/MemMang/heap_4.o
 .text.pxPortInitialiseStack
                0x0000000008000b34       0x68 ./Middlewares/Third_Party/FreeRTOS/Source/portable/GCC/ARM_CM4F/port.o
                0x0000000008000b34                pxPortInitialiseStack
 .text.prvTaskExitError
                0x0000000008000b9c       0x3c ./Middlewares/Third_Party/FreeRTOS/Source/portable/GCC/ARM_CM4F/port.o
 *fill*         0x0000000008000bd8        0x8 
 .text.SVC_Handler
                0x0000000008000be0       0x28 ./Middlewares/Third_Party/FreeRTOS/Source/portable/GCC/ARM_CM4F/port.o
                0x0000000008000be0                SVC_Handler
 .text.prvPortStartFirstTask
                0x0000000008000c08       0x20 ./Middlewares/Third_Party/FreeRTOS/Source/portable/GCC/ARM_CM4F/port.o
 .text.xPortStartScheduler
                0x0000000008000c28      0x118 ./Middlewares/Third_Party/FreeRTOS/Source/portable/GCC/ARM_CM4F/port.o
                0x0000000008000c28                xPortStartScheduler
 .text.vPortEnterCritical
                0x0000000008000d40       0x5c ./Middlewares/Third_Party/FreeRTOS/Source/portable/GCC/ARM_CM4F/port.o
                0x0000000008000d40                vPortEnterCritical
 .text.vPortExitCritical
                0x0000000008000d9c       0x50 ./Middlewares/Third_Party/FreeRTOS/Source/portable/GCC/ARM_CM4F/port.o
                0x0000000008000d9c                vPortExitCritical
 *fill*         0x0000000008000dec        0x4 
 .text.PendSV_Handler
                0x0000000008000df0       0x68 ./Middlewares/Third_Party/FreeRTOS/Source/portable/GCC/ARM_CM4F/port.o
                0x0000000008000df0                PendSV_Handler
 .text.SysTick_Handler
                0x0000000008000e58       0x40 ./Middlewares/Third_Party/FreeRTOS/Source/portable/GCC/ARM_CM4F/port.o
                0x0000000008000e58                SysTick_Handler
 .text.vPortSetupTimerInterrupt
                0x0000000008000e98       0x38 ./Middlewares/Third_Party/FreeRTOS/Source/portable/GCC/ARM_CM4F/port.o
                0x0000000008000e98                vPortSetupTimerInterrupt
 .text.vPortEnableVFP
                0x0000000008000ed0       0x14 ./Middlewares/Third_Party/FreeRTOS/Source/portable/GCC/ARM_CM4F/port.o
 .text.vListInitialise
                0x0000000008000ee4       0x40 ./Middlewares/Third_Party/FreeRTOS/Source/list.o
                0x0000000008000ee4                vListInitialise
 .text.vListInitialiseItem
                0x0000000008000f24       0x1a ./Middlewares/Third_Party/FreeRTOS/Source/list.o
                0x0000000008000f24                vListInitialiseItem
 .text.vListInsertEnd
                0x0000000008000f3e       0x48 ./Middlewares/Third_Party/FreeRTOS/Source/list.o
                0x0000000008000f3e                vListInsertEnd
 .text.vListInsert
                0x0000000008000f86       0x72 ./Middlewares/Third_Party/FreeRTOS/Source/list.o
                0x0000000008000f86                vListInsert
 .text.uxListRemove
                0x0000000008000ff8       0x54 ./Middlewares/Third_Party/FreeRTOS/Source/list.o
                0x0000000008000ff8                uxListRemove
 .text.xTaskCreate
                0x000000000800104c       0x82 ./Middlewares/Third_Party/FreeRTOS/Source/tasks.o
                0x000000000800104c                xTaskCreate
 .text.prvInitialiseNewTask
                0x00000000080010ce      0x100 ./Middlewares/Third_Party/FreeRTOS/Source/tasks.o
 *fill*         0x00000000080011ce        0x2 
 .text.prvAddNewTaskToReadyList
                0x00000000080011d0       0xd4 ./Middlewares/Third_Party/FreeRTOS/Source/tasks.o
 .text.vTaskDelay
                0x00000000080012a4       0x68 ./Middlewares/Third_Party/FreeRTOS/Source/tasks.o
                0x00000000080012a4                vTaskDelay
 .text.vTaskStartScheduler
                0x000000000800130c       0x8c ./Middlewares/Third_Party/FreeRTOS/Source/tasks.o
                0x000000000800130c                vTaskStartScheduler
 .text.vTaskSuspendAll
                0x0000000008001398       0x1c ./Middlewares/Third_Party/FreeRTOS/Source/tasks.o
                0x0000000008001398                vTaskSuspendAll
 .text.xTaskResumeAll
                0x00000000080013b4      0x138 ./Middlewares/Third_Party/FreeRTOS/Source/tasks.o
                0x00000000080013b4                xTaskResumeAll
 .text.xTaskIncrementTick
                0x00000000080014ec      0x178 ./Middlewares/Third_Party/FreeRTOS/Source/tasks.o
                0x00000000080014ec                xTaskIncrementTick
 .text.vTaskSwitchContext
                0x0000000008001664       0xb4 ./Middlewares/Third_Party/FreeRTOS/Source/tasks.o
                0x0000000008001664                vTaskSwitchContext
 .text.prvIdleTask
                0x0000000008001718       0x30 ./Middlewares/Third_Party/FreeRTOS/Source/tasks.o
 .text.prvInitialiseTaskLists
                0x0000000008001748       0x80 ./Middlewares/Third_Party/FreeRTOS/Source/tasks.o
 .text.prvCheckTasksWaitingTermination
                0x00000000080017c8       0x78 ./Middlewares/Third_Party/FreeRTOS/Source/tasks.o
 .text.prvDeleteTCB
                0x0000000008001840       0x20 ./Middlewares/Third_Party/FreeRTOS/Source/tasks.o
 .text.prvResetNextTaskUnblockTime
                0x0000000008001860       0x4c ./Middlewares/Third_Party/FreeRTOS/Source/tasks.o
 .text.prvAddCurrentTaskToDelayedList
                0x00000000080018ac       0xcc ./Middlewares/Third_Party/FreeRTOS/Source/tasks.o
 .text.HAL_Init
                0x0000000008001978       0x2c ./Drivers/STM32F3xx_HAL_Driver/Src/stm32f3xx_hal.o
                0x0000000008001978                HAL_Init
 .text.HAL_IncTick
                0x00000000080019a4       0x28 ./Drivers/STM32F3xx_HAL_Driver/Src/stm32f3xx_hal.o
                0x00000000080019a4                HAL_IncTick
 .text.HAL_GetTick
                0x00000000080019cc       0x18 ./Drivers/STM32F3xx_HAL_Driver/Src/stm32f3xx_hal.o
                0x00000000080019cc                HAL_GetTick
 .text.NVIC_SetPriorityGrouping
                0x00000000080019e4       0x48 ./Drivers/STM32F3xx_HAL_Driver/Src/stm32f3xx_hal_cortex.o
 .text.NVIC_GetPriorityGrouping
                0x0000000008001a2c       0x1c ./Drivers/STM32F3xx_HAL_Driver/Src/stm32f3xx_hal_cortex.o
 .text.NVIC_EnableIRQ
                0x0000000008001a48       0x34 ./Drivers/STM32F3xx_HAL_Driver/Src/stm32f3xx_hal_cortex.o
 .text.NVIC_SetPriority
                0x0000000008001a7c       0x54 ./Drivers/STM32F3xx_HAL_Driver/Src/stm32f3xx_hal_cortex.o
 .text.NVIC_EncodePriority
                0x0000000008001ad0       0x66 ./Drivers/STM32F3xx_HAL_Driver/Src/stm32f3xx_hal_cortex.o
 .text.HAL_NVIC_SetPriorityGrouping
                0x0000000008001b36       0x16 ./Drivers/STM32F3xx_HAL_Driver/Src/stm32f3xx_hal_cortex.o
                0x0000000008001b36                HAL_NVIC_SetPriorityGrouping
 .text.HAL_NVIC_SetPriority
                0x0000000008001b4c       0x38 ./Drivers/STM32F3xx_HAL_Driver/Src/stm32f3xx_hal_cortex.o
                0x0000000008001b4c                HAL_NVIC_SetPriority
 .text.HAL_NVIC_EnableIRQ
                0x0000000008001b84       0x1c ./Drivers/STM32F3xx_HAL_Driver/Src/stm32f3xx_hal_cortex.o
                0x0000000008001b84                HAL_NVIC_EnableIRQ
 .text.HAL_GPIO_Init
                0x0000000008001ba0      0x2ec ./Drivers/STM32F3xx_HAL_Driver/Src/stm32f3xx_hal_gpio.o
                0x0000000008001ba0                HAL_GPIO_Init
 .text.HAL_GPIO_WritePin
                0x0000000008001e8c       0x30 ./Drivers/STM32F3xx_HAL_Driver/Src/stm32f3xx_hal_gpio.o
                0x0000000008001e8c                HAL_GPIO_WritePin
 .text.HAL_GPIO_TogglePin
                0x0000000008001ebc       0x24 ./Drivers/STM32F3xx_HAL_Driver/Src/stm32f3xx_hal_gpio.o
                0x0000000008001ebc                HAL_GPIO_TogglePin
 .text.HAL_RCC_OscConfig
                0x0000000008001ee0      0xddc ./Drivers/STM32F3xx_HAL_Driver/Src/stm32f3xx_hal_rcc.o
                0x0000000008001ee0                HAL_RCC_OscConfig
 .text.HAL_RCC_ClockConfig
                0x0000000008002cbc      0x2f8 ./Drivers/STM32F3xx_HAL_Driver/Src/stm32f3xx_hal_rcc.o
                0x0000000008002cbc                HAL_RCC_ClockConfig
 .text.HAL_RCC_GetSysClockFreq
                0x0000000008002fb4       0xd4 ./Drivers/STM32F3xx_HAL_Driver/Src/stm32f3xx_hal_rcc.o
                0x0000000008002fb4                HAL_RCC_GetSysClockFreq
 .text.HAL_RCC_GetHCLKFreq
                0x0000000008003088       0x18 ./Drivers/STM32F3xx_HAL_Driver/Src/stm32f3xx_hal_rcc.o
                0x0000000008003088                HAL_RCC_GetHCLKFreq
 .text.HAL_RCC_GetPCLK1Freq
                0x00000000080030a0       0x44 ./Drivers/STM32F3xx_HAL_Driver/Src/stm32f3xx_hal_rcc.o
                0x00000000080030a0                HAL_RCC_GetPCLK1Freq
 .text.HAL_RCC_GetPCLK2Freq
                0x00000000080030e4       0x44 ./Drivers/STM32F3xx_HAL_Driver/Src/stm32f3xx_hal_rcc.o
                0x00000000080030e4                HAL_RCC_GetPCLK2Freq
 .text.HAL_RCC_GetClockConfig
                0x0000000008003128       0x64 ./Drivers/STM32F3xx_HAL_Driver/Src/stm32f3xx_hal_rcc.o
                0x0000000008003128                HAL_RCC_GetClockConfig
 .text.HAL_TIM_Base_Init
                0x000000000800318c       0x56 ./Drivers/STM32F3xx_HAL_Driver/Src/stm32f3xx_hal_tim.o
                0x000000000800318c                HAL_TIM_Base_Init
 .text.HAL_TIM_Base_MspInit
                0x00000000080031e2       0x14 ./Drivers/STM32F3xx_HAL_Driver/Src/stm32f3xx_hal_tim.o
                0x00000000080031e2                HAL_TIM_Base_MspInit
 .text.HAL_TIM_Base_Start_IT
                0x00000000080031f6       0x36 ./Drivers/STM32F3xx_HAL_Driver/Src/stm32f3xx_hal_tim.o
                0x00000000080031f6                HAL_TIM_Base_Start_IT
 .text.HAL_TIM_IRQHandler
                0x000000000800322c      0x23e ./Drivers/STM32F3xx_HAL_Driver/Src/stm32f3xx_hal_tim.o
                0x000000000800322c                HAL_TIM_IRQHandler
 .text.HAL_TIM_OC_DelayElapsedCallback
                0x000000000800346a       0x14 ./Drivers/STM32F3xx_HAL_Driver/Src/stm32f3xx_hal_tim.o
                0x000000000800346a                HAL_TIM_OC_DelayElapsedCallback
 .text.HAL_TIM_IC_CaptureCallback
                0x000000000800347e       0x14 ./Drivers/STM32F3xx_HAL_Driver/Src/stm32f3xx_hal_tim.o
                0x000000000800347e                HAL_TIM_IC_CaptureCallback
 .text.HAL_TIM_PWM_PulseFinishedCallback
                0x0000000008003492       0x14 ./Drivers/STM32F3xx_HAL_Driver/Src/stm32f3xx_hal_tim.o
                0x0000000008003492                HAL_TIM_PWM_PulseFinishedCallback
 .text.HAL_TIM_TriggerCallback
                0x00000000080034a6       0x14 ./Drivers/STM32F3xx_HAL_Driver/Src/stm32f3xx_hal_tim.o
                0x00000000080034a6                HAL_TIM_TriggerCallback
 *fill*         0x00000000080034ba        0x2 
 .text.TIM_Base_SetConfig
                0x00000000080034bc       0xf4 ./Drivers/STM32F3xx_HAL_Driver/Src/stm32f3xx_hal_tim.o
                0x00000000080034bc                TIM_Base_SetConfig
 .text.HAL_TIMEx_CommutationCallback
                0x00000000080035b0       0x14 ./Drivers/STM32F3xx_HAL_Driver/Src/stm32f3xx_hal_tim_ex.o
                0x00000000080035b0                HAL_TIMEx_CommutationCallback
 .text.HAL_TIMEx_BreakCallback
                0x00000000080035c4       0x14 ./Drivers/STM32F3xx_HAL_Driver/Src/stm32f3xx_hal_tim_ex.o
                0x00000000080035c4                HAL_TIMEx_BreakCallback
 .text.HAL_TIMEx_Break2Callback
                0x00000000080035d8       0x14 ./Drivers/STM32F3xx_HAL_Driver/Src/stm32f3xx_hal_tim_ex.o
                0x00000000080035d8                HAL_TIMEx_Break2Callback
 .text.HAL_UART_Init
                0x00000000080035ec       0xa2 ./Drivers/STM32F3xx_HAL_Driver/Src/stm32f3xx_hal_uart.o
                0x00000000080035ec                HAL_UART_Init
 .text.HAL_UART_Transmit
                0x000000000800368e      0x11a ./Drivers/STM32F3xx_HAL_Driver/Src/stm32f3xx_hal_uart.o
                0x000000000800368e                HAL_UART_Transmit
 .text.UART_SetConfig
                0x00000000080037a8      0x2cc ./Drivers/STM32F3xx_HAL_Driver/Src/stm32f3xx_hal_uart.o
                0x00000000080037a8                UART_SetConfig
 .text.UART_AdvFeatureConfig
                0x0000000008003a74      0x144 ./Drivers/STM32F3xx_HAL_Driver/Src/stm32f3xx_hal_uart.o
                0x0000000008003a74                UART_AdvFeatureConfig
 .text.UART_CheckIdleState
                0x0000000008003bb8       0x92 ./Drivers/STM32F3xx_HAL_Driver/Src/stm32f3xx_hal_uart.o
                0x0000000008003bb8                UART_CheckIdleState
 .text.UART_WaitOnFlagUntilTimeout
                0x0000000008003c4a       0x94 ./Drivers/STM32F3xx_HAL_Driver/Src/stm32f3xx_hal_uart.o
                0x0000000008003c4a                UART_WaitOnFlagUntilTimeout
 *fill*         0x0000000008003cde        0x2 
 .text.__libc_init_array
                0x0000000008003ce0       0x48 c:/users/borislav/documents/stm32/stm32toolchain/gnu mcu eclipse/arm embedded gcc/8.2.1-1.2-20190119-1237/bin/../lib/gcc/arm-none-eabi/8.2.1/../../../../arm-none-eabi/lib/thumb/v7e-m+fp/hard\libc.a(lib_a-init.o)
                0x0000000008003ce0                __libc_init_array
 .text.memset   0x0000000008003d28       0xa0 c:/users/borislav/documents/stm32/stm32toolchain/gnu mcu eclipse/arm embedded gcc/8.2.1-1.2-20190119-1237/bin/../lib/gcc/arm-none-eabi/8.2.1/../../../../arm-none-eabi/lib/thumb/v7e-m+fp/hard\libc.a(lib_a-memset.o)
                0x0000000008003d28                memset
 .text.startup.register_fini
                0x0000000008003dc8       0x14 c:/users/borislav/documents/stm32/stm32toolchain/gnu mcu eclipse/arm embedded gcc/8.2.1-1.2-20190119-1237/bin/../lib/gcc/arm-none-eabi/8.2.1/../../../../arm-none-eabi/lib/thumb/v7e-m+fp/hard\libc.a(lib_a-__call_atexit.o)
 .text.atexit   0x0000000008003ddc        0xc c:/users/borislav/documents/stm32/stm32toolchain/gnu mcu eclipse/arm embedded gcc/8.2.1-1.2-20190119-1237/bin/../lib/gcc/arm-none-eabi/8.2.1/../../../../arm-none-eabi/lib/thumb/v7e-m+fp/hard\libc.a(lib_a-atexit.o)
                0x0000000008003ddc                atexit
 .text.__libc_fini_array
                0x0000000008003de8       0x34 c:/users/borislav/documents/stm32/stm32toolchain/gnu mcu eclipse/arm embedded gcc/8.2.1-1.2-20190119-1237/bin/../lib/gcc/arm-none-eabi/8.2.1/../../../../arm-none-eabi/lib/thumb/v7e-m+fp/hard\libc.a(lib_a-fini.o)
                0x0000000008003de8                __libc_fini_array
 .text.__retarget_lock_acquire_recursive
                0x0000000008003e1c        0x4 c:/users/borislav/documents/stm32/stm32toolchain/gnu mcu eclipse/arm embedded gcc/8.2.1-1.2-20190119-1237/bin/../lib/gcc/arm-none-eabi/8.2.1/../../../../arm-none-eabi/lib/thumb/v7e-m+fp/hard\libc.a(lib_a-lock.o)
                0x0000000008003e1c                __retarget_lock_acquire_recursive
 .text.__retarget_lock_release_recursive
                0x0000000008003e20        0x4 c:/users/borislav/documents/stm32/stm32toolchain/gnu mcu eclipse/arm embedded gcc/8.2.1-1.2-20190119-1237/bin/../lib/gcc/arm-none-eabi/8.2.1/../../../../arm-none-eabi/lib/thumb/v7e-m+fp/hard\libc.a(lib_a-lock.o)
                0x0000000008003e20                __retarget_lock_release_recursive
 .text.__register_exitproc
                0x0000000008003e24       0x88 c:/users/borislav/documents/stm32/stm32toolchain/gnu mcu eclipse/arm embedded gcc/8.2.1-1.2-20190119-1237/bin/../lib/gcc/arm-none-eabi/8.2.1/../../../../arm-none-eabi/lib/thumb/v7e-m+fp/hard\libc.a(lib_a-__atexit.o)
                0x0000000008003e24                __register_exitproc
 *(.glue_7)
 .glue_7        0x0000000008003eac        0x0 linker stubs
 *(.glue_7t)
 .glue_7t       0x0000000008003eac        0x0 linker stubs
 *(.eh_frame)
 .eh_frame      0x0000000008003eac        0x0 c:/users/borislav/documents/stm32/stm32toolchain/gnu mcu eclipse/arm embedded gcc/8.2.1-1.2-20190119-1237/bin/../lib/gcc/arm-none-eabi/8.2.1/thumb/v7e-m+fp/hard/crtbegin.o
 *(.init)
 .init          0x0000000008003eac        0x4 c:/users/borislav/documents/stm32/stm32toolchain/gnu mcu eclipse/arm embedded gcc/8.2.1-1.2-20190119-1237/bin/../lib/gcc/arm-none-eabi/8.2.1/thumb/v7e-m+fp/hard/crti.o
                0x0000000008003eac                _init
 .init          0x0000000008003eb0        0x8 c:/users/borislav/documents/stm32/stm32toolchain/gnu mcu eclipse/arm embedded gcc/8.2.1-1.2-20190119-1237/bin/../lib/gcc/arm-none-eabi/8.2.1/thumb/v7e-m+fp/hard/crtn.o
 *(.fini)
 .fini          0x0000000008003eb8        0x4 c:/users/borislav/documents/stm32/stm32toolchain/gnu mcu eclipse/arm embedded gcc/8.2.1-1.2-20190119-1237/bin/../lib/gcc/arm-none-eabi/8.2.1/thumb/v7e-m+fp/hard/crti.o
                0x0000000008003eb8                _fini
 .fini          0x0000000008003ebc        0x8 c:/users/borislav/documents/stm32/stm32toolchain/gnu mcu eclipse/arm embedded gcc/8.2.1-1.2-20190119-1237/bin/../lib/gcc/arm-none-eabi/8.2.1/thumb/v7e-m+fp/hard/crtn.o
                0x0000000008003ec4                . = ALIGN (0x4)
                0x0000000008003ec4                _etext = .

.vfp11_veneer   0x0000000008003ec4        0x0
 .vfp11_veneer  0x0000000008003ec4        0x0 linker stubs

.v4_bx          0x0000000008003ec4        0x0
 .v4_bx         0x0000000008003ec4        0x0 linker stubs

.iplt           0x0000000008003ec4        0x0
 .iplt          0x0000000008003ec4        0x0 c:/users/borislav/documents/stm32/stm32toolchain/gnu mcu eclipse/arm embedded gcc/8.2.1-1.2-20190119-1237/bin/../lib/gcc/arm-none-eabi/8.2.1/thumb/v7e-m+fp/hard/crtbegin.o

.rodata         0x0000000008003ec4       0x54
                0x0000000008003ec4                . = ALIGN (0x4)
 *(.rodata)
 .rodata        0x0000000008003ec4        0xf ./Src/main.o
 *fill*         0x0000000008003ed3        0x1 
 .rodata        0x0000000008003ed4        0x5 ./Middlewares/Third_Party/FreeRTOS/Source/tasks.o
 *(.rodata*)
 *fill*         0x0000000008003ed9        0x3 
 .rodata.AHBPrescTable
                0x0000000008003edc       0x10 ./Src/system_stm32f3xx.o
                0x0000000008003edc                AHBPrescTable
 .rodata.APBPrescTable
                0x0000000008003eec        0x8 ./Src/system_stm32f3xx.o
                0x0000000008003eec                APBPrescTable
 .rodata.aPLLMULFactorTable
                0x0000000008003ef4       0x10 ./Drivers/STM32F3xx_HAL_Driver/Src/stm32f3xx_hal_rcc.o
                0x0000000008003ef4                aPLLMULFactorTable
 .rodata.aPredivFactorTable
                0x0000000008003f04       0x10 ./Drivers/STM32F3xx_HAL_Driver/Src/stm32f3xx_hal_rcc.o
                0x0000000008003f04                aPredivFactorTable
 .rodata._global_impure_ptr
                0x0000000008003f14        0x4 c:/users/borislav/documents/stm32/stm32toolchain/gnu mcu eclipse/arm embedded gcc/8.2.1-1.2-20190119-1237/bin/../lib/gcc/arm-none-eabi/8.2.1/../../../../arm-none-eabi/lib/thumb/v7e-m+fp/hard\libc.a(lib_a-impure.o)
                0x0000000008003f14                _global_impure_ptr
                0x0000000008003f18                . = ALIGN (0x4)

.rel.dyn        0x0000000008003f18        0x0
 .rel.iplt      0x0000000008003f18        0x0 c:/users/borislav/documents/stm32/stm32toolchain/gnu mcu eclipse/arm embedded gcc/8.2.1-1.2-20190119-1237/bin/../lib/gcc/arm-none-eabi/8.2.1/thumb/v7e-m+fp/hard/crtbegin.o

.ARM.extab
 *(.ARM.extab* .gnu.linkonce.armextab.*)

.ARM            0x0000000008003f18        0x0
                0x0000000008003f18                __exidx_start = .
 *(.ARM.exidx*)
                0x0000000008003f18                __exidx_end = .

.preinit_array  0x0000000008003f18        0x0
                0x0000000008003f18                PROVIDE (__preinit_array_start = .)
 *(.preinit_array*)
                0x0000000008003f18                PROVIDE (__preinit_array_end = .)

.init_array     0x0000000008003f18        0x8
                0x0000000008003f18                PROVIDE (__init_array_start = .)
 *(SORT_BY_NAME(.init_array.*))
 .init_array.00000
                0x0000000008003f18        0x4 c:/users/borislav/documents/stm32/stm32toolchain/gnu mcu eclipse/arm embedded gcc/8.2.1-1.2-20190119-1237/bin/../lib/gcc/arm-none-eabi/8.2.1/../../../../arm-none-eabi/lib/thumb/v7e-m+fp/hard\libc.a(lib_a-__call_atexit.o)
 *(.init_array*)
 .init_array    0x0000000008003f1c        0x4 c:/users/borislav/documents/stm32/stm32toolchain/gnu mcu eclipse/arm embedded gcc/8.2.1-1.2-20190119-1237/bin/../lib/gcc/arm-none-eabi/8.2.1/thumb/v7e-m+fp/hard/crtbegin.o
                0x0000000008003f20                PROVIDE (__init_array_end = .)

.fini_array     0x0000000008003f20        0x4
                0x0000000008003f20                PROVIDE (__fini_array_start = .)
 *(SORT_BY_NAME(.fini_array.*))
 *(.fini_array*)
 .fini_array    0x0000000008003f20        0x4 c:/users/borislav/documents/stm32/stm32toolchain/gnu mcu eclipse/arm embedded gcc/8.2.1-1.2-20190119-1237/bin/../lib/gcc/arm-none-eabi/8.2.1/thumb/v7e-m+fp/hard/crtbegin.o
                0x0000000008003f24                PROVIDE (__fini_array_end = .)
                0x0000000008003f24                _sidata = LOADADDR (.data)

.data           0x0000000020000000      0x44c load address 0x0000000008003f24
                0x0000000020000000                . = ALIGN (0x4)
                0x0000000020000000                _sdata = .
 *(.data)
 *(.data*)
 .data.buffer   0x0000000020000000        0xd ./Src/main.o
                0x0000000020000000                buffer
 *fill*         0x000000002000000d        0x3 
 .data.SystemCoreClock
                0x0000000020000010        0x4 ./Src/system_stm32f3xx.o
                0x0000000020000010                SystemCoreClock
 .data.uxCriticalNesting
                0x0000000020000014        0x4 ./Middlewares/Third_Party/FreeRTOS/Source/portable/GCC/ARM_CM4F/port.o
 .data.uwTickFreq
                0x0000000020000018        0x1 ./Drivers/STM32F3xx_HAL_Driver/Src/stm32f3xx_hal.o
                0x0000000020000018                uwTickFreq
 *fill*         0x0000000020000019        0x7 
 .data.impure_data
                0x0000000020000020      0x428 c:/users/borislav/documents/stm32/stm32toolchain/gnu mcu eclipse/arm embedded gcc/8.2.1-1.2-20190119-1237/bin/../lib/gcc/arm-none-eabi/8.2.1/../../../../arm-none-eabi/lib/thumb/v7e-m+fp/hard\libc.a(lib_a-impure.o)
 .data.__atexit_recursive_mutex
                0x0000000020000448        0x4 c:/users/borislav/documents/stm32/stm32toolchain/gnu mcu eclipse/arm embedded gcc/8.2.1-1.2-20190119-1237/bin/../lib/gcc/arm-none-eabi/8.2.1/../../../../arm-none-eabi/lib/thumb/v7e-m+fp/hard\libc.a(lib_a-__call_atexit.o)
                0x0000000020000448                __atexit_recursive_mutex
                0x000000002000044c                . = ALIGN (0x4)
                0x000000002000044c                _edata = .
                0x0000000008004370                _siccmram = LOADADDR (.ccmram)

.tm_clone_table
                0x000000002000044c        0x0 load address 0x0000000008004370
 .tm_clone_table
                0x000000002000044c        0x0 c:/users/borislav/documents/stm32/stm32toolchain/gnu mcu eclipse/arm embedded gcc/8.2.1-1.2-20190119-1237/bin/../lib/gcc/arm-none-eabi/8.2.1/thumb/v7e-m+fp/hard/crtbegin.o
 .tm_clone_table
                0x000000002000044c        0x0 c:/users/borislav/documents/stm32/stm32toolchain/gnu mcu eclipse/arm embedded gcc/8.2.1-1.2-20190119-1237/bin/../lib/gcc/arm-none-eabi/8.2.1/thumb/v7e-m+fp/hard/crtend.o

.igot.plt       0x000000002000044c        0x0 load address 0x0000000008004370
 .igot.plt      0x000000002000044c        0x0 c:/users/borislav/documents/stm32/stm32toolchain/gnu mcu eclipse/arm embedded gcc/8.2.1-1.2-20190119-1237/bin/../lib/gcc/arm-none-eabi/8.2.1/thumb/v7e-m+fp/hard/crtbegin.o

.ccmram         0x0000000010000000        0x0 load address 0x0000000008004370
                0x0000000010000000                . = ALIGN (0x4)
                0x0000000010000000                _sccmram = .
 *(.ccmram)
 *(.ccmram*)
                0x0000000010000000                . = ALIGN (0x4)
                0x0000000010000000                _eccmram = .
                0x0000000010000000                . = ALIGN (0x4)

.bss            0x000000002000044c      0xe48
                0x000000002000044c                _sbss = .
                0x000000002000044c                __bss_start__ = _sbss
 *(.bss)
 *(.bss*)
 .bss.completed.8014
                0x000000002000044c        0x1 c:/users/borislav/documents/stm32/stm32toolchain/gnu mcu eclipse/arm embedded gcc/8.2.1-1.2-20190119-1237/bin/../lib/gcc/arm-none-eabi/8.2.1/thumb/v7e-m+fp/hard/crtbegin.o
 *fill*         0x000000002000044d        0x3 
 .bss.object.8019
                0x0000000020000450       0x18 c:/users/borislav/documents/stm32/stm32toolchain/gnu mcu eclipse/arm embedded gcc/8.2.1-1.2-20190119-1237/bin/../lib/gcc/arm-none-eabi/8.2.1/thumb/v7e-m+fp/hard/crtbegin.o
 .bss.xTaskHandle1
                0x0000000020000468        0x4 ./Src/main.o
                0x0000000020000468                xTaskHandle1
 .bss.xTaskHandle2
                0x000000002000046c        0x4 ./Src/main.o
                0x000000002000046c                xTaskHandle2
 .bss.ucHeap    0x0000000020000470      0xc00 ./Middlewares/Third_Party/FreeRTOS/Source/portable/MemMang/heap_4.o
 .bss.xStart    0x0000000020001070        0x8 ./Middlewares/Third_Party/FreeRTOS/Source/portable/MemMang/heap_4.o
 .bss.pxEnd     0x0000000020001078        0x4 ./Middlewares/Third_Party/FreeRTOS/Source/portable/MemMang/heap_4.o
 .bss.xFreeBytesRemaining
                0x000000002000107c        0x4 ./Middlewares/Third_Party/FreeRTOS/Source/portable/MemMang/heap_4.o
 .bss.xMinimumEverFreeBytesRemaining
                0x0000000020001080        0x4 ./Middlewares/Third_Party/FreeRTOS/Source/portable/MemMang/heap_4.o
 .bss.xBlockAllocatedBit
                0x0000000020001084        0x4 ./Middlewares/Third_Party/FreeRTOS/Source/portable/MemMang/heap_4.o
 .bss.ucMaxSysCallPriority
                0x0000000020001088        0x1 ./Middlewares/Third_Party/FreeRTOS/Source/portable/GCC/ARM_CM4F/port.o
 *fill*         0x0000000020001089        0x3 
 .bss.ulMaxPRIGROUPValue
                0x000000002000108c        0x4 ./Middlewares/Third_Party/FreeRTOS/Source/portable/GCC/ARM_CM4F/port.o
 .bss.pxCurrentTCB
                0x0000000020001090        0x4 ./Middlewares/Third_Party/FreeRTOS/Source/tasks.o
                0x0000000020001090                pxCurrentTCB
 .bss.pxReadyTasksLists
                0x0000000020001094       0x8c ./Middlewares/Third_Party/FreeRTOS/Source/tasks.o
 .bss.xDelayedTaskList1
                0x0000000020001120       0x14 ./Middlewares/Third_Party/FreeRTOS/Source/tasks.o
 .bss.xDelayedTaskList2
                0x0000000020001134       0x14 ./Middlewares/Third_Party/FreeRTOS/Source/tasks.o
 .bss.pxDelayedTaskList
                0x0000000020001148        0x4 ./Middlewares/Third_Party/FreeRTOS/Source/tasks.o
 .bss.pxOverflowDelayedTaskList
                0x000000002000114c        0x4 ./Middlewares/Third_Party/FreeRTOS/Source/tasks.o
 .bss.xPendingReadyList
                0x0000000020001150       0x14 ./Middlewares/Third_Party/FreeRTOS/Source/tasks.o
 .bss.xTasksWaitingTermination
                0x0000000020001164       0x14 ./Middlewares/Third_Party/FreeRTOS/Source/tasks.o
 .bss.uxDeletedTasksWaitingCleanUp
                0x0000000020001178        0x4 ./Middlewares/Third_Party/FreeRTOS/Source/tasks.o
 .bss.xSuspendedTaskList
                0x000000002000117c       0x14 ./Middlewares/Third_Party/FreeRTOS/Source/tasks.o
 .bss.uxCurrentNumberOfTasks
                0x0000000020001190        0x4 ./Middlewares/Third_Party/FreeRTOS/Source/tasks.o
 .bss.xTickCount
                0x0000000020001194        0x4 ./Middlewares/Third_Party/FreeRTOS/Source/tasks.o
 .bss.uxTopReadyPriority
                0x0000000020001198        0x4 ./Middlewares/Third_Party/FreeRTOS/Source/tasks.o
 .bss.xSchedulerRunning
                0x000000002000119c        0x4 ./Middlewares/Third_Party/FreeRTOS/Source/tasks.o
 .bss.uxPendedTicks
                0x00000000200011a0        0x4 ./Middlewares/Third_Party/FreeRTOS/Source/tasks.o
 .bss.xYieldPending
                0x00000000200011a4        0x4 ./Middlewares/Third_Party/FreeRTOS/Source/tasks.o
 .bss.xNumOfOverflows
                0x00000000200011a8        0x4 ./Middlewares/Third_Party/FreeRTOS/Source/tasks.o
 .bss.uxTaskNumber
                0x00000000200011ac        0x4 ./Middlewares/Third_Party/FreeRTOS/Source/tasks.o
 .bss.xNextTaskUnblockTime
                0x00000000200011b0        0x4 ./Middlewares/Third_Party/FreeRTOS/Source/tasks.o
 .bss.xIdleTaskHandle
                0x00000000200011b4        0x4 ./Middlewares/Third_Party/FreeRTOS/Source/tasks.o
 .bss.uxSchedulerSuspended
                0x00000000200011b8        0x4 ./Middlewares/Third_Party/FreeRTOS/Source/tasks.o
 *(COMMON)
 COMMON         0x00000000200011bc       0x70 ./Src/main.o
                0x00000000200011bc                huart2
 COMMON         0x000000002000122c       0x40 ./Src/stm32f3xx_hal_timebase_tim.o
                0x000000002000122c                htim2
 COMMON         0x000000002000126c        0x4 ./Drivers/STM32F3xx_HAL_Driver/Src/stm32f3xx_hal.o
                0x000000002000126c                uwTick
 COMMON         0x0000000020001270       0x21 c:/users/borislav/documents/stm32/stm32toolchain/gnu mcu eclipse/arm embedded gcc/8.2.1-1.2-20190119-1237/bin/../lib/gcc/arm-none-eabi/8.2.1/../../../../arm-none-eabi/lib/thumb/v7e-m+fp/hard\libc.a(lib_a-lock.o)
                0x0000000020001270                __lock___atexit_recursive_mutex
                0x0000000020001274                __lock___arc4random_mutex
                0x0000000020001278                __lock___env_recursive_mutex
                0x000000002000127c                __lock___sinit_recursive_mutex
                0x0000000020001280                __lock___malloc_recursive_mutex
                0x0000000020001284                __lock___at_quick_exit_mutex
                0x0000000020001288                __lock___dd_hash_mutex
                0x000000002000128c                __lock___tz_mutex
                0x0000000020001290                __lock___sfp_recursive_mutex
                0x0000000020001294                . = ALIGN (0x4)
 *fill*         0x0000000020001291        0x3 
                0x0000000020001294                _ebss = .
                0x0000000020001294                __bss_end__ = _ebss

._user_heap_stack
                0x0000000020001294      0x604
                0x0000000020001298                . = ALIGN (0x8)
 *fill*         0x0000000020001294        0x4 
                0x0000000020001298                PROVIDE (end = .)
                [!provide]                        PROVIDE (_end = .)
                0x0000000020001498                . = (. + _Min_Heap_Size)
 *fill*         0x0000000020001298      0x200 
                0x0000000020001898                . = (. + _Min_Stack_Size)
 *fill*         0x0000000020001498      0x400 
                0x0000000020001898                . = ALIGN (0x8)

/DISCARD/
 libc.a(*)
 libm.a(*)
 libgcc.a(*)

.ARM.attributes
                0x0000000000000000       0x30
 *(.ARM.attributes)
 .ARM.attributes
                0x0000000000000000       0x1e c:/users/borislav/documents/stm32/stm32toolchain/gnu mcu eclipse/arm embedded gcc/8.2.1-1.2-20190119-1237/bin/../lib/gcc/arm-none-eabi/8.2.1/thumb/v7e-m+fp/hard/crti.o
 .ARM.attributes
                0x000000000000001e       0x34 c:/users/borislav/documents/stm32/stm32toolchain/gnu mcu eclipse/arm embedded gcc/8.2.1-1.2-20190119-1237/bin/../lib/gcc/arm-none-eabi/8.2.1/thumb/v7e-m+fp/hard/crtbegin.o
 .ARM.attributes
                0x0000000000000052       0x21 ./startup/startup_stm32f303x8.o
 .ARM.attributes
                0x0000000000000073       0x34 ./Src/main.o
 .ARM.attributes
                0x00000000000000a7       0x34 ./Src/stm32f3xx_hal_msp.o
 .ARM.attributes
                0x00000000000000db       0x34 ./Src/stm32f3xx_hal_timebase_tim.o
 .ARM.attributes
                0x000000000000010f       0x34 ./Src/stm32f3xx_it.o
 .ARM.attributes
                0x0000000000000143       0x34 ./Src/system_stm32f3xx.o
 .ARM.attributes
                0x0000000000000177       0x34 ./Middlewares/Third_Party/FreeRTOS/Source/portable/MemMang/heap_4.o
 .ARM.attributes
                0x00000000000001ab       0x34 ./Middlewares/Third_Party/FreeRTOS/Source/portable/GCC/ARM_CM4F/port.o
 .ARM.attributes
                0x00000000000001df       0x34 ./Middlewares/Third_Party/FreeRTOS/Source/list.o
 .ARM.attributes
                0x0000000000000213       0x34 ./Middlewares/Third_Party/FreeRTOS/Source/tasks.o
 .ARM.attributes
                0x0000000000000247       0x34 ./Drivers/STM32F3xx_HAL_Driver/Src/stm32f3xx_hal.o
 .ARM.attributes
                0x000000000000027b       0x34 ./Drivers/STM32F3xx_HAL_Driver/Src/stm32f3xx_hal_cortex.o
 .ARM.attributes
                0x00000000000002af       0x34 ./Drivers/STM32F3xx_HAL_Driver/Src/stm32f3xx_hal_gpio.o
 .ARM.attributes
                0x00000000000002e3       0x34 ./Drivers/STM32F3xx_HAL_Driver/Src/stm32f3xx_hal_rcc.o
 .ARM.attributes
                0x0000000000000317       0x34 ./Drivers/STM32F3xx_HAL_Driver/Src/stm32f3xx_hal_tim.o
 .ARM.attributes
                0x000000000000034b       0x34 ./Drivers/STM32F3xx_HAL_Driver/Src/stm32f3xx_hal_tim_ex.o
 .ARM.attributes
                0x000000000000037f       0x34 ./Drivers/STM32F3xx_HAL_Driver/Src/stm32f3xx_hal_uart.o
 .ARM.attributes
                0x00000000000003b3       0x32 c:/users/borislav/documents/stm32/stm32toolchain/gnu mcu eclipse/arm embedded gcc/8.2.1-1.2-20190119-1237/bin/../lib/gcc/arm-none-eabi/8.2.1/../../../../arm-none-eabi/lib/thumb/v7e-m+fp/hard\libc.a(lib_a-impure.o)
 .ARM.attributes
                0x00000000000003e5       0x34 c:/users/borislav/documents/stm32/stm32toolchain/gnu mcu eclipse/arm embedded gcc/8.2.1-1.2-20190119-1237/bin/../lib/gcc/arm-none-eabi/8.2.1/../../../../arm-none-eabi/lib/thumb/v7e-m+fp/hard\libc.a(lib_a-init.o)
 .ARM.attributes
                0x0000000000000419       0x34 c:/users/borislav/documents/stm32/stm32toolchain/gnu mcu eclipse/arm embedded gcc/8.2.1-1.2-20190119-1237/bin/../lib/gcc/arm-none-eabi/8.2.1/../../../../arm-none-eabi/lib/thumb/v7e-m+fp/hard\libc.a(lib_a-memset.o)
 .ARM.attributes
                0x000000000000044d       0x34 c:/users/borislav/documents/stm32/stm32toolchain/gnu mcu eclipse/arm embedded gcc/8.2.1-1.2-20190119-1237/bin/../lib/gcc/arm-none-eabi/8.2.1/../../../../arm-none-eabi/lib/thumb/v7e-m+fp/hard\libc.a(lib_a-__call_atexit.o)
 .ARM.attributes
                0x0000000000000481       0x34 c:/users/borislav/documents/stm32/stm32toolchain/gnu mcu eclipse/arm embedded gcc/8.2.1-1.2-20190119-1237/bin/../lib/gcc/arm-none-eabi/8.2.1/../../../../arm-none-eabi/lib/thumb/v7e-m+fp/hard\libc.a(lib_a-atexit.o)
 .ARM.attributes
                0x00000000000004b5       0x34 c:/users/borislav/documents/stm32/stm32toolchain/gnu mcu eclipse/arm embedded gcc/8.2.1-1.2-20190119-1237/bin/../lib/gcc/arm-none-eabi/8.2.1/../../../../arm-none-eabi/lib/thumb/v7e-m+fp/hard\libc.a(lib_a-fini.o)
 .ARM.attributes
                0x00000000000004e9       0x34 c:/users/borislav/documents/stm32/stm32toolchain/gnu mcu eclipse/arm embedded gcc/8.2.1-1.2-20190119-1237/bin/../lib/gcc/arm-none-eabi/8.2.1/../../../../arm-none-eabi/lib/thumb/v7e-m+fp/hard\libc.a(lib_a-lock.o)
 .ARM.attributes
                0x000000000000051d       0x34 c:/users/borislav/documents/stm32/stm32toolchain/gnu mcu eclipse/arm embedded gcc/8.2.1-1.2-20190119-1237/bin/../lib/gcc/arm-none-eabi/8.2.1/../../../../arm-none-eabi/lib/thumb/v7e-m+fp/hard\libc.a(lib_a-__atexit.o)
 .ARM.attributes
                0x0000000000000551       0x32 c:/users/borislav/documents/stm32/stm32toolchain/gnu mcu eclipse/arm embedded gcc/8.2.1-1.2-20190119-1237/bin/../lib/gcc/arm-none-eabi/8.2.1/thumb/v7e-m+fp/hard/crtend.o
 .ARM.attributes
                0x0000000000000583       0x1e c:/users/borislav/documents/stm32/stm32toolchain/gnu mcu eclipse/arm embedded gcc/8.2.1-1.2-20190119-1237/bin/../lib/gcc/arm-none-eabi/8.2.1/thumb/v7e-m+fp/hard/crtn.o
OUTPUT(NucleoF303K8_FreeRTOS.elf elf32-littlearm)

.comment        0x0000000000000000       0x68
 .comment       0x0000000000000000       0x68 ./Src/main.o
                                         0x69 (size before relaxing)
 .comment       0x0000000000000068       0x69 ./Src/stm32f3xx_hal_msp.o
 .comment       0x0000000000000068       0x69 ./Src/stm32f3xx_hal_timebase_tim.o
 .comment       0x0000000000000068       0x69 ./Src/stm32f3xx_it.o
 .comment       0x0000000000000068       0x69 ./Src/system_stm32f3xx.o
 .comment       0x0000000000000068       0x69 ./Middlewares/Third_Party/FreeRTOS/Source/portable/MemMang/heap_4.o
 .comment       0x0000000000000068       0x69 ./Middlewares/Third_Party/FreeRTOS/Source/portable/GCC/ARM_CM4F/port.o
 .comment       0x0000000000000068       0x69 ./Middlewares/Third_Party/FreeRTOS/Source/list.o
 .comment       0x0000000000000068       0x69 ./Middlewares/Third_Party/FreeRTOS/Source/tasks.o
 .comment       0x0000000000000068       0x69 ./Drivers/STM32F3xx_HAL_Driver/Src/stm32f3xx_hal.o
 .comment       0x0000000000000068       0x69 ./Drivers/STM32F3xx_HAL_Driver/Src/stm32f3xx_hal_cortex.o
 .comment       0x0000000000000068       0x69 ./Drivers/STM32F3xx_HAL_Driver/Src/stm32f3xx_hal_gpio.o
 .comment       0x0000000000000068       0x69 ./Drivers/STM32F3xx_HAL_Driver/Src/stm32f3xx_hal_rcc.o
 .comment       0x0000000000000068       0x69 ./Drivers/STM32F3xx_HAL_Driver/Src/stm32f3xx_hal_tim.o
 .comment       0x0000000000000068       0x69 ./Drivers/STM32F3xx_HAL_Driver/Src/stm32f3xx_hal_tim_ex.o
 .comment       0x0000000000000068       0x69 ./Drivers/STM32F3xx_HAL_Driver/Src/stm32f3xx_hal_uart.o

.debug_frame    0x0000000000000000      0x1f4
 .debug_frame   0x0000000000000000       0x2c c:/users/borislav/documents/stm32/stm32toolchain/gnu mcu eclipse/arm embedded gcc/8.2.1-1.2-20190119-1237/bin/../lib/gcc/arm-none-eabi/8.2.1/../../../../arm-none-eabi/lib/thumb/v7e-m+fp/hard\libc.a(lib_a-init.o)
 .debug_frame   0x000000000000002c       0x38 c:/users/borislav/documents/stm32/stm32toolchain/gnu mcu eclipse/arm embedded gcc/8.2.1-1.2-20190119-1237/bin/../lib/gcc/arm-none-eabi/8.2.1/../../../../arm-none-eabi/lib/thumb/v7e-m+fp/hard\libc.a(lib_a-memset.o)
 .debug_frame   0x0000000000000064       0x5c c:/users/borislav/documents/stm32/stm32toolchain/gnu mcu eclipse/arm embedded gcc/8.2.1-1.2-20190119-1237/bin/../lib/gcc/arm-none-eabi/8.2.1/../../../../arm-none-eabi/lib/thumb/v7e-m+fp/hard\libc.a(lib_a-__call_atexit.o)
 .debug_frame   0x00000000000000c0       0x20 c:/users/borislav/documents/stm32/stm32toolchain/gnu mcu eclipse/arm embedded gcc/8.2.1-1.2-20190119-1237/bin/../lib/gcc/arm-none-eabi/8.2.1/../../../../arm-none-eabi/lib/thumb/v7e-m+fp/hard\libc.a(lib_a-atexit.o)
 .debug_frame   0x00000000000000e0       0x34 c:/users/borislav/documents/stm32/stm32toolchain/gnu mcu eclipse/arm embedded gcc/8.2.1-1.2-20190119-1237/bin/../lib/gcc/arm-none-eabi/8.2.1/../../../../arm-none-eabi/lib/thumb/v7e-m+fp/hard\libc.a(lib_a-fini.o)
 .debug_frame   0x0000000000000114       0xb0 c:/users/borislav/documents/stm32/stm32toolchain/gnu mcu eclipse/arm embedded gcc/8.2.1-1.2-20190119-1237/bin/../lib/gcc/arm-none-eabi/8.2.1/../../../../arm-none-eabi/lib/thumb/v7e-m+fp/hard\libc.a(lib_a-lock.o)
 .debug_frame   0x00000000000001c4       0x30 c:/users/borislav/documents/stm32/stm32toolchain/gnu mcu eclipse/arm embedded gcc/8.2.1-1.2-20190119-1237/bin/../lib/gcc/arm-none-eabi/8.2.1/../../../../arm-none-eabi/lib/thumb/v7e-m+fp/hard\libc.a(lib_a-__atexit.o)
